[backblue.gif]
[fade.gif]
[index.html]
[www.ebd114nxt.co.in/images/favicon1.png]
[cdn.jsdelivr.net/npm/bootstrap@5.2.1/dist/css/bootstrap.min.css]
[cdn.jsdelivr.net/npm/@fancyapps/ui/dist/fancybox.css]
[www.ebd114.co.in/images/Home-page-1.jpg]
[unpkg.com/aos@2.3.0/dist/aos.css]
[connect.facebook.net/en_US/fbevents.js]
[www.ebd114nxt.co.in/images/Home-page-1.jpg]
[www.ebd114nxt.co.in/images/Home-page-2.jpg]
[www.ebd114nxt.co.in/images/Home-page-3.jpg]
[www.ebd114nxt.co.in/images/Location-Map-new.jpg]
[www.ebd114nxt.co.in/images/Master-Plan-new.jpg]
[www.ebd114nxt.co.in/images/video/vd-poster.jpg]
[www.ebd114nxt.co.in/images/video/ebd-nxt.mp4]
[cdn.jsdelivr.net/npm/bootstrap@5.2.1/dist/js/bootstrap.bundle.min.js]
[cdn.jsdelivr.net/npm/@fancyapps/ui@4.0/dist/fancybox.umd.js]
[code.jquery.com/jquery-3.6.1.min.js]
[cdn.jsdelivr.net/jquery.validation/1.16.0/jquery.validate.min.js]
[unpkg.com/aos@2.3.0/dist/aos.js]
[www.ebd114nxt.co.in/js/slick.js]
[www.ebd114nxt.co.in/js/custom.js]
[www.ebd114nxt.co.in/index1347.html]
[cdn.jsdelivr.net/npm/bootstrap@5.2.1/dist/css/bootstrap.min.css]
[www.ebd114nxt.co.in/fonts/fontawesome-webfont3e6e.eot]
[www.ebd114nxt.co.in/fonts/fontawesome-webfontd41d.eot]
[www.ebd114nxt.co.in/fonts/fontawesome-webfont3e6e.woff2]
[www.ebd114nxt.co.in/fonts/fontawesome-webfont3e6e.woff]
[www.ebd114nxt.co.in/fonts/fontawesome-webfont3e6e.ttf]
[www.ebd114nxt.co.in/css/font-awesome.min.css]
[www.ebd114nxt.co.in/css/slick.css]
[www.ebd114nxt.co.in/css/slick-theme.css]
[cdn.jsdelivr.net/npm/@fancyapps/ui/dist/fancybox.css]
[www.ebd114nxt.co.in/css/animate.css]
[unpkg.com/aos@2.3.0/dist/aos.css]
[www.ebd114nxt.co.in/fonts/Optima-Medium.eot]
[www.ebd114nxt.co.in/fonts/Optima-Mediumd41d.eot]
[www.ebd114nxt.co.in/fonts/Optima-Medium.woff]
[www.ebd114nxt.co.in/fonts/Optima-Medium.ttf]
[www.ebd114nxt.co.in/fonts/OptimaDemiBold.eot]
[www.ebd114nxt.co.in/fonts/OptimaDemiBoldd41d.eot]
[www.ebd114nxt.co.in/fonts/OptimaDemiBold.woff]
[www.ebd114nxt.co.in/fonts/OptimaDemiBold.ttf]
[www.ebd114nxt.co.in/fonts/Optima-Bold.eot]
[www.ebd114nxt.co.in/fonts/Optima-Boldd41d.eot]
[www.ebd114nxt.co.in/fonts/Optima-Bold.woff]
[www.ebd114nxt.co.in/fonts/Optima-Bold.ttf]
[www.ebd114nxt.co.in/images/imgleft.jpg]
[www.ebd114nxt.co.in/images/videbg.jpg]
[www.ebd114nxt.co.in/images/about-emaar.jpg]
[www.ebd114nxt.co.in/css/style.css]
[www.ebd114nxt.co.in/css/responsive.css]
[connect.facebook.net/en_US/fbevents.js]
[www.ebd114nxt.co.in/images/emaar-india.svg]
[www.ebd114nxt.co.in/images/call.svg]
[www.ebd114nxt.co.in/images/ebd114.svg]
[www.ebd114nxt.co.in/images/30min.svg]
[www.ebd114nxt.co.in/images/20min.svg]
[www.ebd114nxt.co.in/images/15min.svg]
[www.ebd114nxt.co.in/images/video/ebd-nxt.html]
[www.ebd114nxt.co.in/images/video/ebd-nxt-2.html]
[www.ebd114nxt.co.in/images/aminity/icon1.svg]
[www.ebd114nxt.co.in/images/aminity/icon2.svg]
[www.ebd114nxt.co.in/images/aminity/icon3.svg]
[www.ebd114nxt.co.in/images/aminity/icon4.svg]
[www.ebd114nxt.co.in/images/aminity/icon5.svg]
[www.ebd114nxt.co.in/images/aminity/icon6.svg]
[www.ebd114nxt.co.in/images/aminity/icon7.svg]
[www.ebd114nxt.co.in/images/aminity/icon8.svg]
[www.ebd114nxt.co.in/fonts/fontawesome-webfont3e6e.svg]
[www.ebd114nxt.co.in/css/ajax-loader.html]
[www.ebd114nxt.co.in/css/fonts/slick.html]
[www.ebd114nxt.co.in/css/fonts/slickd41d.html]
[www.ebd114nxt.co.in/css/fonts/slick-2.html]
[www.ebd114nxt.co.in/css/fonts/slick-3.html]
[www.ebd114nxt.co.in/css/fonts/slick-4.html]
[www.ebd114nxt.co.in/fonts/Optima-Medium.svg]
[www.ebd114nxt.co.in/fonts/OptimaDemiBold.svg]
[www.ebd114nxt.co.in/fonts/Optima-Bold.svg]
[www.ebd114nxt.co.in/images/cross.svg]
[www.ebd114nxt.co.in/images/toggle.svg]
